// Jest Snapshot v1, https://goo.gl/fbAQLP

exports[`GraphQL - listProperties should list the Houston properties 1`] = `
Object {
  "data": Object {
    "listProperties": Array [
      Object {
        "privateRemarks": "This property is a trial property to test the SimplyRETS. Private agent remarks will be included in this field for use in the SimplyRETS REST API. Lorem ipsum dolor sit amet, consectetur adipiscing elit, sed do eiusmod tempor incididunt ut labore et dolore magna aliqua. Ut enim ad minim veniam, quis nostrud exercitation ullamco laboris nisi ut aliquip ex ea commodo consequat. Duis aute irure dolor in reprehenderit in voluptate velit esse cillum dolore eu fugiat nulla pariatur. Excepteur sint occaecat cupidatat non proident, sunt in culpa qui officia deserunt mollit anim id est laborum.",
        "property": Object {
          "roof": "Tile",
        },
      },
      Object {
        "privateRemarks": "This property is a trial property to test the SimplyRETS. Private agent remarks will be included in this field for use in the SimplyRETS REST API. Lorem ipsum dolor sit amet, consectetur adipiscing elit, sed do eiusmod tempor incididunt ut labore et dolore magna aliqua. Ut enim ad minim veniam, quis nostrud exercitation ullamco laboris nisi ut aliquip ex ea commodo consequat. Duis aute irure dolor in reprehenderit in voluptate velit esse cillum dolore eu fugiat nulla pariatur. Excepteur sint occaecat cupidatat non proident, sunt in culpa qui officia deserunt mollit anim id est laborum.",
        "property": Object {
          "roof": "Composition",
        },
      },
      Object {
        "privateRemarks": "This property is a trial property to test the SimplyRETS. Private agent remarks will be included in this field for use in the SimplyRETS REST API. Lorem ipsum dolor sit amet, consectetur adipiscing elit, sed do eiusmod tempor incididunt ut labore et dolore magna aliqua. Ut enim ad minim veniam, quis nostrud exercitation ullamco laboris nisi ut aliquip ex ea commodo consequat. Duis aute irure dolor in reprehenderit in voluptate velit esse cillum dolore eu fugiat nulla pariatur. Excepteur sint occaecat cupidatat non proident, sunt in culpa qui officia deserunt mollit anim id est laborum.",
        "property": Object {
          "roof": "Aluminum, Composition",
        },
      },
      Object {
        "privateRemarks": "This property is a trial property to test the SimplyRETS. Private agent remarks will be included in this field for use in the SimplyRETS REST API. Lorem ipsum dolor sit amet, consectetur adipiscing elit, sed do eiusmod tempor incididunt ut labore et dolore magna aliqua. Ut enim ad minim veniam, quis nostrud exercitation ullamco laboris nisi ut aliquip ex ea commodo consequat. Duis aute irure dolor in reprehenderit in voluptate velit esse cillum dolore eu fugiat nulla pariatur. Excepteur sint occaecat cupidatat non proident, sunt in culpa qui officia deserunt mollit anim id est laborum.",
        "property": Object {
          "roof": "Other",
        },
      },
      Object {
        "privateRemarks": "This property is a trial property to test the SimplyRETS. Private agent remarks will be included in this field for use in the SimplyRETS REST API. Lorem ipsum dolor sit amet, consectetur adipiscing elit, sed do eiusmod tempor incididunt ut labore et dolore magna aliqua. Ut enim ad minim veniam, quis nostrud exercitation ullamco laboris nisi ut aliquip ex ea commodo consequat. Duis aute irure dolor in reprehenderit in voluptate velit esse cillum dolore eu fugiat nulla pariatur. Excepteur sint occaecat cupidatat non proident, sunt in culpa qui officia deserunt mollit anim id est laborum.",
        "property": Object {
          "roof": "Composition",
        },
      },
      Object {
        "privateRemarks": "This property is a trial property to test the SimplyRETS. Private agent remarks will be included in this field for use in the SimplyRETS REST API. Lorem ipsum dolor sit amet, consectetur adipiscing elit, sed do eiusmod tempor incididunt ut labore et dolore magna aliqua. Ut enim ad minim veniam, quis nostrud exercitation ullamco laboris nisi ut aliquip ex ea commodo consequat. Duis aute irure dolor in reprehenderit in voluptate velit esse cillum dolore eu fugiat nulla pariatur. Excepteur sint occaecat cupidatat non proident, sunt in culpa qui officia deserunt mollit anim id est laborum.",
        "property": Object {
          "roof": "Tile",
        },
      },
      Object {
        "privateRemarks": "This property is a trial property to test the SimplyRETS. Private agent remarks will be included in this field for use in the SimplyRETS REST API. Lorem ipsum dolor sit amet, consectetur adipiscing elit, sed do eiusmod tempor incididunt ut labore et dolore magna aliqua. Ut enim ad minim veniam, quis nostrud exercitation ullamco laboris nisi ut aliquip ex ea commodo consequat. Duis aute irure dolor in reprehenderit in voluptate velit esse cillum dolore eu fugiat nulla pariatur. Excepteur sint occaecat cupidatat non proident, sunt in culpa qui officia deserunt mollit anim id est laborum.",
        "property": Object {
          "roof": "Aluminum, Composition",
        },
      },
      Object {
        "privateRemarks": "This property is a trial property to test the SimplyRETS. Private agent remarks will be included in this field for use in the SimplyRETS REST API. Lorem ipsum dolor sit amet, consectetur adipiscing elit, sed do eiusmod tempor incididunt ut labore et dolore magna aliqua. Ut enim ad minim veniam, quis nostrud exercitation ullamco laboris nisi ut aliquip ex ea commodo consequat. Duis aute irure dolor in reprehenderit in voluptate velit esse cillum dolore eu fugiat nulla pariatur. Excepteur sint occaecat cupidatat non proident, sunt in culpa qui officia deserunt mollit anim id est laborum.",
        "property": Object {
          "roof": "Composition",
        },
      },
      Object {
        "privateRemarks": "This property is a trial property to test the SimplyRETS. Private agent remarks will be included in this field for use in the SimplyRETS REST API. Lorem ipsum dolor sit amet, consectetur adipiscing elit, sed do eiusmod tempor incididunt ut labore et dolore magna aliqua. Ut enim ad minim veniam, quis nostrud exercitation ullamco laboris nisi ut aliquip ex ea commodo consequat. Duis aute irure dolor in reprehenderit in voluptate velit esse cillum dolore eu fugiat nulla pariatur. Excepteur sint occaecat cupidatat non proident, sunt in culpa qui officia deserunt mollit anim id est laborum.",
        "property": Object {
          "roof": "Tile",
        },
      },
      Object {
        "privateRemarks": "This property is a trial property to test the SimplyRETS. Private agent remarks will be included in this field for use in the SimplyRETS REST API. Lorem ipsum dolor sit amet, consectetur adipiscing elit, sed do eiusmod tempor incididunt ut labore et dolore magna aliqua. Ut enim ad minim veniam, quis nostrud exercitation ullamco laboris nisi ut aliquip ex ea commodo consequat. Duis aute irure dolor in reprehenderit in voluptate velit esse cillum dolore eu fugiat nulla pariatur. Excepteur sint occaecat cupidatat non proident, sunt in culpa qui officia deserunt mollit anim id est laborum.",
        "property": Object {
          "roof": "Other",
        },
      },
      Object {
        "privateRemarks": "This property is a trial property to test the SimplyRETS. Private agent remarks will be included in this field for use in the SimplyRETS REST API. Lorem ipsum dolor sit amet, consectetur adipiscing elit, sed do eiusmod tempor incididunt ut labore et dolore magna aliqua. Ut enim ad minim veniam, quis nostrud exercitation ullamco laboris nisi ut aliquip ex ea commodo consequat. Duis aute irure dolor in reprehenderit in voluptate velit esse cillum dolore eu fugiat nulla pariatur. Excepteur sint occaecat cupidatat non proident, sunt in culpa qui officia deserunt mollit anim id est laborum.",
        "property": Object {
          "roof": "Tile",
        },
      },
      Object {
        "privateRemarks": "This property is a trial property to test the SimplyRETS. Private agent remarks will be included in this field for use in the SimplyRETS REST API. Lorem ipsum dolor sit amet, consectetur adipiscing elit, sed do eiusmod tempor incididunt ut labore et dolore magna aliqua. Ut enim ad minim veniam, quis nostrud exercitation ullamco laboris nisi ut aliquip ex ea commodo consequat. Duis aute irure dolor in reprehenderit in voluptate velit esse cillum dolore eu fugiat nulla pariatur. Excepteur sint occaecat cupidatat non proident, sunt in culpa qui officia deserunt mollit anim id est laborum.",
        "property": Object {
          "roof": "Aluminum, Composition",
        },
      },
      Object {
        "privateRemarks": "This property is a trial property to test the SimplyRETS. Private agent remarks will be included in this field for use in the SimplyRETS REST API. Lorem ipsum dolor sit amet, consectetur adipiscing elit, sed do eiusmod tempor incididunt ut labore et dolore magna aliqua. Ut enim ad minim veniam, quis nostrud exercitation ullamco laboris nisi ut aliquip ex ea commodo consequat. Duis aute irure dolor in reprehenderit in voluptate velit esse cillum dolore eu fugiat nulla pariatur. Excepteur sint occaecat cupidatat non proident, sunt in culpa qui officia deserunt mollit anim id est laborum.",
        "property": Object {
          "roof": "Other",
        },
      },
    ],
  },
}
`;

exports[`GraphQL - listProperties should throw an error if bad credentials 1`] = `
Object {
  "message": "Bad credentials, you should use this header: \\"Authorization\\": \\"Basic dXNlcjFAc2lkZWluYy5jb206Njc2Y2ZkMzQtZTcwNi00Y2NlLTg3Y2EtOTdmOTQ3YzQzYmQ0\\"",
}
`;

exports[`GraphQL - listProperties should throw an error if it is not authenticated 1`] = `
Object {
  "message": "Authorization header is mandatory: \\"Authorization\\": \\"Basic dXNlcjFAc2lkZWluYy5jb206Njc2Y2ZkMzQtZTcwNi00Y2NlLTg3Y2EtOTdmOTQ3YzQzYmQ0\\"",
}
`;
